Sample size:  256
State size:  16
Action size:  9
